layer at (0,0) size 800x600 clip at (0,0) size 785x600 scrollHeight 682
  LayoutView at (0,0) size 800x600
layer at (0,0) size 785x682 backgroundClip at (0,0) size 785x600 clip at (0,0) size 785x600
  LayoutBlockFlow {HTML} at (0,0) size 785x682
    LayoutBlockFlow {BODY} at (8,8) size 769x666
      LayoutBlockFlow (anonymous) at (0,0) size 769x333
        LayoutText {#text} at (215,0) size 4x19
          text run at (215,0) width 4: " "
        LayoutText {#text} at (434,0) size 4x19
          text run at (434,0) width 4: " "
        LayoutText {#text} at (0,0) size 0x0
      LayoutBlockFlow {DIV} at (0,333) size 769x333
        LayoutText {#text} at (215,0) size 4x19
          text run at (215,0) width 4: " "
        LayoutText {#text} at (434,0) size 4x19
          text run at (434,0) width 4: " "
        LayoutText {#text} at (0,0) size 0x0
layer at (8,8) size 215x333
  LayoutBlockFlow (relative positioned) {DIV} at (0,0) size 215x333 [border: (2px solid #FFA500)]
    LayoutBlockFlow {DIV} at (3,3) size 91x147 [border: (1px solid #00FF00)]
      LayoutBlockFlow {DIV} at (1,1) size 68x21 [border: (1px solid #00FF00)]
        LayoutInline {U} at (0,0) size 66x19
          LayoutText {#text} at (1,1) size 66x19
            text run at (1,1) width 66: "\x{6F22}efg\x{6DF7}\x{690D}"
      LayoutBR {BR} at (69,2) size 0x19
      LayoutBlockFlow {DIV} at (1,22) size 68x21 [border: (1px solid #00FF00)]
        LayoutInline {U} at (0,0) size 66x19
          LayoutText {#text} at (1,1) size 66x19
            text run at (1,1) width 66: "\x{6F22}efg\x{6DF7}\x{690D}"
      LayoutBR {BR} at (69,23) size 0x19
      LayoutBlockFlow {DIV} at (1,43) size 68x21 [border: (1px solid #00FF00)]
        LayoutInline {U} at (0,0) size 66x19
          LayoutText {#text} at (1,1) size 66x19
            text run at (1,1) width 66: "\x{6F22}efg\x{6DF7}\x{690D}"
      LayoutBR {BR} at (69,44) size 0x19
      LayoutBlockFlow {DIV} at (1,64) size 68x21 [border: (1px solid #00FF00)]
        LayoutInline {U} at (0,0) size 66x19
          LayoutText {#text} at (1,1) size 66x19
            text run at (1,1) width 66: "\x{6F22}efg\x{6DF7}\x{690D}"
      LayoutBR {BR} at (69,65) size 0x19
      LayoutBlockFlow {DIV} at (1,85) size 68x21 [border: (1px solid #00FF00)]
        LayoutInline {U} at (0,0) size 66x19
          LayoutText {#text} at (1,1) size 66x19
            text run at (1,1) width 66: "\x{6F22}efg\x{6DF7}\x{690D}"
      LayoutBR {BR} at (69,86) size 0x19
      LayoutBlockFlow {DIV} at (1,106) size 89x40 [border: (1px solid #00FF00)]
        LayoutInline {U} at (0,0) size 87x19
          LayoutText {#text} at (1,15) size 16x19
            text run at (1,15) width 16: "\x{6F22}"
          LayoutInline {SPAN} at (0,0) size 39x36
            LayoutText {#text} at (17,2) size 39x36
              text run at (17,2) width 39: "efg"
          LayoutText {#text} at (56,15) size 32x19
            text run at (56,15) width 32: "\x{6DF7}\x{690D}"
      LayoutBR {BR} at (90,121) size 0x19
    LayoutBR {BR} at (94,124) size 0x19
    LayoutBlockFlow {DIV} at (3,258) size 21x68 [border: (1px solid #00FF00)]
      LayoutInline {U} at (0,0) size 19x66
        LayoutText {#text} at (1,1) size 19x66
          text run at (1,1) width 66: "\x{6F22}efg\x{6DF7}\x{690D}"
    LayoutText {#text} at (24,311) size 4x19
      text run at (24,311) width 4: " "
    LayoutBlockFlow {DIV} at (28,258) size 21x68 [border: (1px solid #00FF00)]
      LayoutInline {U} at (0,0) size 19x66
        LayoutText {#text} at (1,1) size 19x66
          text run at (1,1) width 66: "\x{6F22}efg\x{6DF7}\x{690D}"
    LayoutText {#text} at (49,311) size 4x19
      text run at (49,311) width 4: " "
    LayoutBlockFlow {DIV} at (53,258) size 21x68 [border: (1px solid #00FF00)]
      LayoutInline {U} at (0,0) size 19x66
        LayoutText {#text} at (1,1) size 19x66
          text run at (1,1) width 66: "\x{6F22}efg\x{6DF7}\x{690D}"
    LayoutText {#text} at (74,311) size 4x19
      text run at (74,311) width 4: " "
    LayoutBlockFlow {DIV} at (78,150) size 21x176 [border: (1px solid #00FF00)]
      LayoutInline {U} at (0,0) size 19x174
        LayoutText {#text} at (1,1) size 19x174
          text run at (1,1) width 174: "\x{182E}\x{1823}\x{1828}\x{182D}\x{182D}\x{1823}\x{182F} \x{182C}\x{1821}\x{182F}\x{1821} efg\x{6F22}"
    LayoutText {#text} at (99,311) size 4x19
      text run at (99,311) width 4: " "
    LayoutBlockFlow {DIV} at (103,150) size 21x176 [border: (1px solid #00FF00)]
      LayoutInline {U} at (0,0) size 19x174
        LayoutText {#text} at (1,1) size 19x174
          text run at (1,1) width 174: "\x{182E}\x{1823}\x{1828}\x{182D}\x{182D}\x{1823}\x{182F} \x{182C}\x{1821}\x{182F}\x{1821} efg\x{6F22}"
    LayoutText {#text} at (124,311) size 4x19
      text run at (124,311) width 4: " "
    LayoutBlockFlow {DIV} at (128,218) size 40x108 [border: (1px solid #00FF00)]
      LayoutInline {U} at (0,0) size 19x106
        LayoutText {#text} at (10,1) size 19x16
          text run at (10,1) width 16: "\x{6F22}"
        LayoutInline {SPAN} at (0,0) size 36x58
          LayoutText {#text} at (2,17) size 36x58
            text run at (2,17) width 58: "\x{6F22}fg"
        LayoutText {#text} at (10,75) size 19x32
          text run at (10,75) width 32: "\x{6DF7}\x{690D}"
    LayoutText {#text} at (168,311) size 4x19
      text run at (168,311) width 4: " "
    LayoutBlockFlow {DIV} at (172,218) size 40x108 [border: (1px solid #00FF00)]
      LayoutInline {U} at (0,0) size 19x106
        LayoutText {#text} at (11,1) size 19x16
          text run at (11,1) width 16: "\x{6F22}"
        LayoutInline {SPAN} at (0,0) size 36x58
          LayoutText {#text} at (2,17) size 36x58
            text run at (2,17) width 58: "\x{6F22}fg"
        LayoutText {#text} at (11,75) size 19x32
          text run at (11,75) width 32: "\x{6DF7}\x{690D}"
    LayoutText {#text} at (0,0) size 0x0
layer at (175,10) size 46x26
  LayoutBlockFlow (positioned) {<pseudo:before>} at (166.63,2) size 46.38x26.38 [bgcolor=#FFFFFF] [border: (2px solid #808080)]
    LayoutTextFragment (anonymous) at (5,4) size 37x18
      text run at (5,4) width 37: "initial"
layer at (227,8) size 215x333
  LayoutBlockFlow (relative positioned) {DIV} at (219,0) size 215x333 [border: (2px solid #FFA500)]
    LayoutBlockFlow {DIV} at (3,3) size 91x147 [border: (1px solid #00FF00)]
      LayoutBlockFlow {DIV} at (1,1) size 68x21 [border: (1px solid #00FF00)]
        LayoutInline {U} at (0,0) size 66x19
          LayoutText {#text} at (1,1) size 66x19
            text run at (1,1) width 66: "\x{6F22}efg\x{6DF7}\x{690D}"
      LayoutBR {BR} at (69,2) size 0x19
      LayoutBlockFlow {DIV} at (1,22) size 68x21 [border: (1px solid #00FF00)]
        LayoutInline {U} at (0,0) size 66x19
          LayoutText {#text} at (1,1) size 66x19
            text run at (1,1) width 66: "\x{6F22}efg\x{6DF7}\x{690D}"
      LayoutBR {BR} at (69,23) size 0x19
      LayoutBlockFlow {DIV} at (1,43) size 68x21 [border: (1px solid #00FF00)]
        LayoutInline {U} at (0,0) size 66x19
          LayoutText {#text} at (1,1) size 66x19
            text run at (1,1) width 66: "\x{6F22}efg\x{6DF7}\x{690D}"
      LayoutBR {BR} at (69,44) size 0x19
      LayoutBlockFlow {DIV} at (1,64) size 68x21 [border: (1px solid #00FF00)]
        LayoutInline {U} at (0,0) size 66x19
          LayoutText {#text} at (1,1) size 66x19
            text run at (1,1) width 66: "\x{6F22}efg\x{6DF7}\x{690D}"
      LayoutBR {BR} at (69,65) size 0x19
      LayoutBlockFlow {DIV} at (1,85) size 68x21 [border: (1px solid #00FF00)]
        LayoutInline {U} at (0,0) size 66x19
          LayoutText {#text} at (1,1) size 66x19
            text run at (1,1) width 66: "\x{6F22}efg\x{6DF7}\x{690D}"
      LayoutBR {BR} at (69,86) size 0x19
      LayoutBlockFlow {DIV} at (1,106) size 89x40 [border: (1px solid #00FF00)]
        LayoutInline {U} at (0,0) size 87x19
          LayoutText {#text} at (1,15) size 16x19
            text run at (1,15) width 16: "\x{6F22}"
          LayoutInline {SPAN} at (0,0) size 39x36
            LayoutText {#text} at (17,2) size 39x36
              text run at (17,2) width 39: "efg"
          LayoutText {#text} at (56,15) size 32x19
            text run at (56,15) width 32: "\x{6DF7}\x{690D}"
      LayoutBR {BR} at (90,121) size 0x19
    LayoutBR {BR} at (94,124) size 0x19
    LayoutBlockFlow {DIV} at (3,258) size 21x68 [border: (1px solid #00FF00)]
      LayoutInline {U} at (0,0) size 19x66
        LayoutText {#text} at (1,1) size 19x66
          text run at (1,1) width 66: "\x{6F22}efg\x{6DF7}\x{690D}"
    LayoutText {#text} at (24,311) size 4x19
      text run at (24,311) width 4: " "
    LayoutBlockFlow {DIV} at (28,258) size 21x68 [border: (1px solid #00FF00)]
      LayoutInline {U} at (0,0) size 19x66
        LayoutText {#text} at (1,1) size 19x66
          text run at (1,1) width 66: "\x{6F22}efg\x{6DF7}\x{690D}"
    LayoutText {#text} at (49,311) size 4x19
      text run at (49,311) width 4: " "
    LayoutBlockFlow {DIV} at (53,258) size 21x68 [border: (1px solid #00FF00)]
      LayoutInline {U} at (0,0) size 19x66
        LayoutText {#text} at (1,1) size 19x66
          text run at (1,1) width 66: "\x{6F22}efg\x{6DF7}\x{690D}"
    LayoutText {#text} at (74,311) size 4x19
      text run at (74,311) width 4: " "
    LayoutBlockFlow {DIV} at (78,150) size 21x176 [border: (1px solid #00FF00)]
      LayoutInline {U} at (0,0) size 19x174
        LayoutText {#text} at (1,1) size 19x174
          text run at (1,1) width 174: "\x{182E}\x{1823}\x{1828}\x{182D}\x{182D}\x{1823}\x{182F} \x{182C}\x{1821}\x{182F}\x{1821} efg\x{6F22}"
    LayoutText {#text} at (99,311) size 4x19
      text run at (99,311) width 4: " "
    LayoutBlockFlow {DIV} at (103,150) size 21x176 [border: (1px solid #00FF00)]
      LayoutInline {U} at (0,0) size 19x174
        LayoutText {#text} at (1,1) size 19x174
          text run at (1,1) width 174: "\x{182E}\x{1823}\x{1828}\x{182D}\x{182D}\x{1823}\x{182F} \x{182C}\x{1821}\x{182F}\x{1821} efg\x{6F22}"
    LayoutText {#text} at (124,311) size 4x19
      text run at (124,311) width 4: " "
    LayoutBlockFlow {DIV} at (128,218) size 40x108 [border: (1px solid #00FF00)]
      LayoutInline {U} at (0,0) size 19x106
        LayoutText {#text} at (10,1) size 19x16
          text run at (10,1) width 16: "\x{6F22}"
        LayoutInline {SPAN} at (0,0) size 36x58
          LayoutText {#text} at (2,17) size 36x58
            text run at (2,17) width 58: "\x{6F22}fg"
        LayoutText {#text} at (10,75) size 19x32
          text run at (10,75) width 32: "\x{6DF7}\x{690D}"
    LayoutText {#text} at (168,311) size 4x19
      text run at (168,311) width 4: " "
    LayoutBlockFlow {DIV} at (172,218) size 40x108 [border: (1px solid #00FF00)]
      LayoutInline {U} at (0,0) size 19x106
        LayoutText {#text} at (11,1) size 19x16
          text run at (11,1) width 16: "\x{6F22}"
        LayoutInline {SPAN} at (0,0) size 36x58
          LayoutText {#text} at (2,17) size 36x58
            text run at (2,17) width 58: "\x{6F22}fg"
        LayoutText {#text} at (11,75) size 19x32
          text run at (11,75) width 32: "\x{6DF7}\x{690D}"
    LayoutText {#text} at (0,0) size 0x0
layer at (377,10) size 63x26
  LayoutBlockFlow (positioned) {<pseudo:before>} at (149.63,2) size 63.38x26.38 [bgcolor=#FFFFFF] [border: (2px solid #808080)]
    LayoutTextFragment (anonymous) at (5,4) size 54x18
      text run at (5,4) width 54: "lang=zh"
layer at (446,8) size 215x333
  LayoutBlockFlow (relative positioned) {DIV} at (438,0) size 215x333 [border: (2px solid #FFA500)]
    LayoutBlockFlow {DIV} at (3,3) size 91x147 [border: (1px solid #00FF00)]
      LayoutBlockFlow {DIV} at (1,1) size 68x21 [border: (1px solid #00FF00)]
        LayoutInline {U} at (0,0) size 66x19
          LayoutText {#text} at (1,1) size 66x19
            text run at (1,1) width 66: "\x{6F22}efg\x{6DF7}\x{690D}"
      LayoutBR {BR} at (69,2) size 0x19
      LayoutBlockFlow {DIV} at (1,22) size 68x21 [border: (1px solid #00FF00)]
        LayoutInline {U} at (0,0) size 66x19
          LayoutText {#text} at (1,1) size 66x19
            text run at (1,1) width 66: "\x{6F22}efg\x{6DF7}\x{690D}"
      LayoutBR {BR} at (69,23) size 0x19
      LayoutBlockFlow {DIV} at (1,43) size 68x21 [border: (1px solid #00FF00)]
        LayoutInline {U} at (0,0) size 66x19
          LayoutText {#text} at (1,1) size 66x19
            text run at (1,1) width 66: "\x{6F22}efg\x{6DF7}\x{690D}"
      LayoutBR {BR} at (69,44) size 0x19
      LayoutBlockFlow {DIV} at (1,64) size 68x21 [border: (1px solid #00FF00)]
        LayoutInline {U} at (0,0) size 66x19
          LayoutText {#text} at (1,1) size 66x19
            text run at (1,1) width 66: "\x{6F22}efg\x{6DF7}\x{690D}"
      LayoutBR {BR} at (69,65) size 0x19
      LayoutBlockFlow {DIV} at (1,85) size 68x21 [border: (1px solid #00FF00)]
        LayoutInline {U} at (0,0) size 66x19
          LayoutText {#text} at (1,1) size 66x19
            text run at (1,1) width 66: "\x{6F22}efg\x{6DF7}\x{690D}"
      LayoutBR {BR} at (69,86) size 0x19
      LayoutBlockFlow {DIV} at (1,106) size 89x40 [border: (1px solid #00FF00)]
        LayoutInline {U} at (0,0) size 87x19
          LayoutText {#text} at (1,15) size 16x19
            text run at (1,15) width 16: "\x{6F22}"
          LayoutInline {SPAN} at (0,0) size 39x36
            LayoutText {#text} at (17,2) size 39x36
              text run at (17,2) width 39: "efg"
          LayoutText {#text} at (56,15) size 32x19
            text run at (56,15) width 32: "\x{6DF7}\x{690D}"
      LayoutBR {BR} at (90,121) size 0x19
    LayoutBR {BR} at (94,124) size 0x19
    LayoutBlockFlow {DIV} at (3,258) size 21x68 [border: (1px solid #00FF00)]
      LayoutInline {U} at (0,0) size 19x66
        LayoutText {#text} at (1,1) size 19x66
          text run at (1,1) width 66: "\x{6F22}efg\x{6DF7}\x{690D}"
    LayoutText {#text} at (24,311) size 4x19
      text run at (24,311) width 4: " "
    LayoutBlockFlow {DIV} at (28,258) size 21x68 [border: (1px solid #00FF00)]
      LayoutInline {U} at (0,0) size 19x66
        LayoutText {#text} at (1,1) size 19x66
          text run at (1,1) width 66: "\x{6F22}efg\x{6DF7}\x{690D}"
    LayoutText {#text} at (49,311) size 4x19
      text run at (49,311) width 4: " "
    LayoutBlockFlow {DIV} at (53,258) size 21x68 [border: (1px solid #00FF00)]
      LayoutInline {U} at (0,0) size 19x66
        LayoutText {#text} at (1,1) size 19x66
          text run at (1,1) width 66: "\x{6F22}efg\x{6DF7}\x{690D}"
    LayoutText {#text} at (74,311) size 4x19
      text run at (74,311) width 4: " "
    LayoutBlockFlow {DIV} at (78,150) size 21x176 [border: (1px solid #00FF00)]
      LayoutInline {U} at (0,0) size 19x174
        LayoutText {#text} at (1,1) size 19x174
          text run at (1,1) width 174: "\x{182E}\x{1823}\x{1828}\x{182D}\x{182D}\x{1823}\x{182F} \x{182C}\x{1821}\x{182F}\x{1821} efg\x{6F22}"
    LayoutText {#text} at (99,311) size 4x19
      text run at (99,311) width 4: " "
    LayoutBlockFlow {DIV} at (103,150) size 21x176 [border: (1px solid #00FF00)]
      LayoutInline {U} at (0,0) size 19x174
        LayoutText {#text} at (1,1) size 19x174
          text run at (1,1) width 174: "\x{182E}\x{1823}\x{1828}\x{182D}\x{182D}\x{1823}\x{182F} \x{182C}\x{1821}\x{182F}\x{1821} efg\x{6F22}"
    LayoutText {#text} at (124,311) size 4x19
      text run at (124,311) width 4: " "
    LayoutBlockFlow {DIV} at (128,218) size 40x108 [border: (1px solid #00FF00)]
      LayoutInline {U} at (0,0) size 19x106
        LayoutText {#text} at (10,1) size 19x16
          text run at (10,1) width 16: "\x{6F22}"
        LayoutInline {SPAN} at (0,0) size 36x58
          LayoutText {#text} at (2,17) size 36x58
            text run at (2,17) width 58: "\x{6F22}fg"
        LayoutText {#text} at (10,75) size 19x32
          text run at (10,75) width 32: "\x{6DF7}\x{690D}"
    LayoutText {#text} at (168,311) size 4x19
      text run at (168,311) width 4: " "
    LayoutBlockFlow {DIV} at (172,218) size 40x108 [border: (1px solid #00FF00)]
      LayoutInline {U} at (0,0) size 19x106
        LayoutText {#text} at (11,1) size 19x16
          text run at (11,1) width 16: "\x{6F22}"
        LayoutInline {SPAN} at (0,0) size 36x58
          LayoutText {#text} at (2,17) size 36x58
            text run at (2,17) width 58: "\x{6F22}fg"
        LayoutText {#text} at (11,75) size 19x32
          text run at (11,75) width 32: "\x{6DF7}\x{690D}"
    LayoutText {#text} at (0,0) size 0x0
layer at (599,10) size 60x26
  LayoutBlockFlow (positioned) {<pseudo:before>} at (152.63,2) size 60.38x26.38 [bgcolor=#FFFFFF] [border: (2px solid #808080)]
    LayoutTextFragment (anonymous) at (5,4) size 51x18
      text run at (5,4) width 51: "lang=ja"
layer at (8,341) size 215x333 backgroundClip at (0,0) size 785x600 clip at (0,0) size 785x600
  LayoutBlockFlow (relative positioned) {DIV} at (0,0) size 215x333 [border: (2px solid #FFA500)]
    LayoutBlockFlow {DIV} at (3,3) size 91x147 [border: (1px solid #00FF00)]
      LayoutBlockFlow {DIV} at (1,1) size 68x21 [border: (1px solid #00FF00)]
        LayoutInline {U} at (0,0) size 66x19
          LayoutText {#text} at (1,1) size 66x19
            text run at (1,1) width 66: "\x{6F22}efg\x{6DF7}\x{690D}"
      LayoutBR {BR} at (69,2) size 0x19
      LayoutBlockFlow {DIV} at (1,22) size 68x21 [border: (1px solid #00FF00)]
        LayoutInline {U} at (0,0) size 66x19
          LayoutText {#text} at (1,1) size 66x19
            text run at (1,1) width 66: "\x{6F22}efg\x{6DF7}\x{690D}"
      LayoutBR {BR} at (69,23) size 0x19
      LayoutBlockFlow {DIV} at (1,43) size 68x21 [border: (1px solid #00FF00)]
        LayoutInline {U} at (0,0) size 66x19
          LayoutText {#text} at (1,1) size 66x19
            text run at (1,1) width 66: "\x{6F22}efg\x{6DF7}\x{690D}"
      LayoutBR {BR} at (69,44) size 0x19
      LayoutBlockFlow {DIV} at (1,64) size 68x21 [border: (1px solid #00FF00)]
        LayoutInline {U} at (0,0) size 66x19
          LayoutText {#text} at (1,1) size 66x19
            text run at (1,1) width 66: "\x{6F22}efg\x{6DF7}\x{690D}"
      LayoutBR {BR} at (69,65) size 0x19
      LayoutBlockFlow {DIV} at (1,85) size 68x21 [border: (1px solid #00FF00)]
        LayoutInline {U} at (0,0) size 66x19
          LayoutText {#text} at (1,1) size 66x19
            text run at (1,1) width 66: "\x{6F22}efg\x{6DF7}\x{690D}"
      LayoutBR {BR} at (69,86) size 0x19
      LayoutBlockFlow {DIV} at (1,106) size 89x40 [border: (1px solid #00FF00)]
        LayoutInline {U} at (0,0) size 87x19
          LayoutText {#text} at (1,15) size 16x19
            text run at (1,15) width 16: "\x{6F22}"
          LayoutInline {SPAN} at (0,0) size 39x36
            LayoutText {#text} at (17,2) size 39x36
              text run at (17,2) width 39: "efg"
          LayoutText {#text} at (56,15) size 32x19
            text run at (56,15) width 32: "\x{6DF7}\x{690D}"
      LayoutBR {BR} at (90,121) size 0x19
    LayoutBR {BR} at (94,124) size 0x19
    LayoutBlockFlow {DIV} at (3,258) size 21x68 [border: (1px solid #00FF00)]
      LayoutInline {U} at (0,0) size 19x66
        LayoutText {#text} at (1,1) size 19x66
          text run at (1,1) width 66: "\x{6F22}efg\x{6DF7}\x{690D}"
    LayoutText {#text} at (24,311) size 4x19
      text run at (24,311) width 4: " "
    LayoutBlockFlow {DIV} at (28,258) size 21x68 [border: (1px solid #00FF00)]
      LayoutInline {U} at (0,0) size 19x66
        LayoutText {#text} at (1,1) size 19x66
          text run at (1,1) width 66: "\x{6F22}efg\x{6DF7}\x{690D}"
    LayoutText {#text} at (49,311) size 4x19
      text run at (49,311) width 4: " "
    LayoutBlockFlow {DIV} at (53,258) size 21x68 [border: (1px solid #00FF00)]
      LayoutInline {U} at (0,0) size 19x66
        LayoutText {#text} at (1,1) size 19x66
          text run at (1,1) width 66: "\x{6F22}efg\x{6DF7}\x{690D}"
    LayoutText {#text} at (74,311) size 4x19
      text run at (74,311) width 4: " "
    LayoutBlockFlow {DIV} at (78,150) size 21x176 [border: (1px solid #00FF00)]
      LayoutInline {U} at (0,0) size 19x174
        LayoutText {#text} at (1,1) size 19x174
          text run at (1,1) width 174: "\x{182E}\x{1823}\x{1828}\x{182D}\x{182D}\x{1823}\x{182F} \x{182C}\x{1821}\x{182F}\x{1821} efg\x{6F22}"
    LayoutText {#text} at (99,311) size 4x19
      text run at (99,311) width 4: " "
    LayoutBlockFlow {DIV} at (103,150) size 21x176 [border: (1px solid #00FF00)]
      LayoutInline {U} at (0,0) size 19x174
        LayoutText {#text} at (1,1) size 19x174
          text run at (1,1) width 174: "\x{182E}\x{1823}\x{1828}\x{182D}\x{182D}\x{1823}\x{182F} \x{182C}\x{1821}\x{182F}\x{1821} efg\x{6F22}"
    LayoutText {#text} at (124,311) size 4x19
      text run at (124,311) width 4: " "
    LayoutBlockFlow {DIV} at (128,218) size 40x108 [border: (1px solid #00FF00)]
      LayoutInline {U} at (0,0) size 19x106
        LayoutText {#text} at (10,1) size 19x16
          text run at (10,1) width 16: "\x{6F22}"
        LayoutInline {SPAN} at (0,0) size 36x58
          LayoutText {#text} at (2,17) size 36x58
            text run at (2,17) width 58: "\x{6F22}fg"
        LayoutText {#text} at (10,75) size 19x32
          text run at (10,75) width 32: "\x{6DF7}\x{690D}"
    LayoutText {#text} at (168,311) size 4x19
      text run at (168,311) width 4: " "
    LayoutBlockFlow {DIV} at (172,218) size 40x108 [border: (1px solid #00FF00)]
      LayoutInline {U} at (0,0) size 19x106
        LayoutText {#text} at (11,1) size 19x16
          text run at (11,1) width 16: "\x{6F22}"
        LayoutInline {SPAN} at (0,0) size 36x58
          LayoutText {#text} at (2,17) size 36x58
            text run at (2,17) width 58: "\x{6F22}fg"
        LayoutText {#text} at (11,75) size 19x32
          text run at (11,75) width 32: "\x{6DF7}\x{690D}"
    LayoutText {#text} at (0,0) size 0x0
layer at (172,343) size 49x26
  LayoutBlockFlow (positioned) {<pseudo:before>} at (163.63,2) size 49.38x26.38 [bgcolor=#FFFFFF] [border: (2px solid #808080)]
    LayoutTextFragment (anonymous) at (5,4) size 40x18
      text run at (5,4) width 40: "under"
layer at (227,341) size 215x333 backgroundClip at (0,0) size 785x600 clip at (0,0) size 785x600
  LayoutBlockFlow (relative positioned) {DIV} at (219,0) size 215x333 [border: (2px solid #FFA500)]
    LayoutBlockFlow {DIV} at (3,3) size 91x147 [border: (1px solid #00FF00)]
      LayoutBlockFlow {DIV} at (1,1) size 68x21 [border: (1px solid #00FF00)]
        LayoutInline {U} at (0,0) size 66x19
          LayoutText {#text} at (1,1) size 66x19
            text run at (1,1) width 66: "\x{6F22}efg\x{6DF7}\x{690D}"
      LayoutBR {BR} at (69,2) size 0x19
      LayoutBlockFlow {DIV} at (1,22) size 68x21 [border: (1px solid #00FF00)]
        LayoutInline {U} at (0,0) size 66x19
          LayoutText {#text} at (1,1) size 66x19
            text run at (1,1) width 66: "\x{6F22}efg\x{6DF7}\x{690D}"
      LayoutBR {BR} at (69,23) size 0x19
      LayoutBlockFlow {DIV} at (1,43) size 68x21 [border: (1px solid #00FF00)]
        LayoutInline {U} at (0,0) size 66x19
          LayoutText {#text} at (1,1) size 66x19
            text run at (1,1) width 66: "\x{6F22}efg\x{6DF7}\x{690D}"
      LayoutBR {BR} at (69,44) size 0x19
      LayoutBlockFlow {DIV} at (1,64) size 68x21 [border: (1px solid #00FF00)]
        LayoutInline {U} at (0,0) size 66x19
          LayoutText {#text} at (1,1) size 66x19
            text run at (1,1) width 66: "\x{6F22}efg\x{6DF7}\x{690D}"
      LayoutBR {BR} at (69,65) size 0x19
      LayoutBlockFlow {DIV} at (1,85) size 68x21 [border: (1px solid #00FF00)]
        LayoutInline {U} at (0,0) size 66x19
          LayoutText {#text} at (1,1) size 66x19
            text run at (1,1) width 66: "\x{6F22}efg\x{6DF7}\x{690D}"
      LayoutBR {BR} at (69,86) size 0x19
      LayoutBlockFlow {DIV} at (1,106) size 89x40 [border: (1px solid #00FF00)]
        LayoutInline {U} at (0,0) size 87x19
          LayoutText {#text} at (1,15) size 16x19
            text run at (1,15) width 16: "\x{6F22}"
          LayoutInline {SPAN} at (0,0) size 39x36
            LayoutText {#text} at (17,2) size 39x36
              text run at (17,2) width 39: "efg"
          LayoutText {#text} at (56,15) size 32x19
            text run at (56,15) width 32: "\x{6DF7}\x{690D}"
      LayoutBR {BR} at (90,121) size 0x19
    LayoutBR {BR} at (94,124) size 0x19
    LayoutBlockFlow {DIV} at (3,258) size 21x68 [border: (1px solid #00FF00)]
      LayoutInline {U} at (0,0) size 19x66
        LayoutText {#text} at (1,1) size 19x66
          text run at (1,1) width 66: "\x{6F22}efg\x{6DF7}\x{690D}"
    LayoutText {#text} at (24,311) size 4x19
      text run at (24,311) width 4: " "
    LayoutBlockFlow {DIV} at (28,258) size 21x68 [border: (1px solid #00FF00)]
      LayoutInline {U} at (0,0) size 19x66
        LayoutText {#text} at (1,1) size 19x66
          text run at (1,1) width 66: "\x{6F22}efg\x{6DF7}\x{690D}"
    LayoutText {#text} at (49,311) size 4x19
      text run at (49,311) width 4: " "
    LayoutBlockFlow {DIV} at (53,258) size 21x68 [border: (1px solid #00FF00)]
      LayoutInline {U} at (0,0) size 19x66
        LayoutText {#text} at (1,1) size 19x66
          text run at (1,1) width 66: "\x{6F22}efg\x{6DF7}\x{690D}"
    LayoutText {#text} at (74,311) size 4x19
      text run at (74,311) width 4: " "
    LayoutBlockFlow {DIV} at (78,150) size 21x176 [border: (1px solid #00FF00)]
      LayoutInline {U} at (0,0) size 19x174
        LayoutText {#text} at (1,1) size 19x174
          text run at (1,1) width 174: "\x{182E}\x{1823}\x{1828}\x{182D}\x{182D}\x{1823}\x{182F} \x{182C}\x{1821}\x{182F}\x{1821} efg\x{6F22}"
    LayoutText {#text} at (99,311) size 4x19
      text run at (99,311) width 4: " "
    LayoutBlockFlow {DIV} at (103,150) size 21x176 [border: (1px solid #00FF00)]
      LayoutInline {U} at (0,0) size 19x174
        LayoutText {#text} at (1,1) size 19x174
          text run at (1,1) width 174: "\x{182E}\x{1823}\x{1828}\x{182D}\x{182D}\x{1823}\x{182F} \x{182C}\x{1821}\x{182F}\x{1821} efg\x{6F22}"
    LayoutText {#text} at (124,311) size 4x19
      text run at (124,311) width 4: " "
    LayoutBlockFlow {DIV} at (128,218) size 40x108 [border: (1px solid #00FF00)]
      LayoutInline {U} at (0,0) size 19x106
        LayoutText {#text} at (10,1) size 19x16
          text run at (10,1) width 16: "\x{6F22}"
        LayoutInline {SPAN} at (0,0) size 36x58
          LayoutText {#text} at (2,17) size 36x58
            text run at (2,17) width 58: "\x{6F22}fg"
        LayoutText {#text} at (10,75) size 19x32
          text run at (10,75) width 32: "\x{6DF7}\x{690D}"
    LayoutText {#text} at (168,311) size 4x19
      text run at (168,311) width 4: " "
    LayoutBlockFlow {DIV} at (172,218) size 40x108 [border: (1px solid #00FF00)]
      LayoutInline {U} at (0,0) size 19x106
        LayoutText {#text} at (11,1) size 19x16
          text run at (11,1) width 16: "\x{6F22}"
        LayoutInline {SPAN} at (0,0) size 36x58
          LayoutText {#text} at (2,17) size 36x58
            text run at (2,17) width 58: "\x{6F22}fg"
        LayoutText {#text} at (11,75) size 19x32
          text run at (11,75) width 32: "\x{6DF7}\x{690D}"
    LayoutText {#text} at (0,0) size 0x0
layer at (372,343) size 68x26
  LayoutBlockFlow (positioned) {<pseudo:before>} at (144.63,2) size 68.38x26.38 [bgcolor=#FFFFFF] [border: (2px solid #808080)]
    LayoutTextFragment (anonymous) at (5,4) size 59x18
      text run at (5,4) width 59: "under zh"
layer at (446,341) size 215x333 backgroundClip at (0,0) size 785x600 clip at (0,0) size 785x600
  LayoutBlockFlow (relative positioned) {DIV} at (438,0) size 215x333 [border: (2px solid #FFA500)]
    LayoutBlockFlow {DIV} at (3,3) size 91x147 [border: (1px solid #00FF00)]
      LayoutBlockFlow {DIV} at (1,1) size 68x21 [border: (1px solid #00FF00)]
        LayoutInline {U} at (0,0) size 66x19
          LayoutText {#text} at (1,1) size 66x19
            text run at (1,1) width 66: "\x{6F22}efg\x{6DF7}\x{690D}"
      LayoutBR {BR} at (69,2) size 0x19
      LayoutBlockFlow {DIV} at (1,22) size 68x21 [border: (1px solid #00FF00)]
        LayoutInline {U} at (0,0) size 66x19
          LayoutText {#text} at (1,1) size 66x19
            text run at (1,1) width 66: "\x{6F22}efg\x{6DF7}\x{690D}"
      LayoutBR {BR} at (69,23) size 0x19
      LayoutBlockFlow {DIV} at (1,43) size 68x21 [border: (1px solid #00FF00)]
        LayoutInline {U} at (0,0) size 66x19
          LayoutText {#text} at (1,1) size 66x19
            text run at (1,1) width 66: "\x{6F22}efg\x{6DF7}\x{690D}"
      LayoutBR {BR} at (69,44) size 0x19
      LayoutBlockFlow {DIV} at (1,64) size 68x21 [border: (1px solid #00FF00)]
        LayoutInline {U} at (0,0) size 66x19
          LayoutText {#text} at (1,1) size 66x19
            text run at (1,1) width 66: "\x{6F22}efg\x{6DF7}\x{690D}"
      LayoutBR {BR} at (69,65) size 0x19
      LayoutBlockFlow {DIV} at (1,85) size 68x21 [border: (1px solid #00FF00)]
        LayoutInline {U} at (0,0) size 66x19
          LayoutText {#text} at (1,1) size 66x19
            text run at (1,1) width 66: "\x{6F22}efg\x{6DF7}\x{690D}"
      LayoutBR {BR} at (69,86) size 0x19
      LayoutBlockFlow {DIV} at (1,106) size 89x40 [border: (1px solid #00FF00)]
        LayoutInline {U} at (0,0) size 87x19
          LayoutText {#text} at (1,15) size 16x19
            text run at (1,15) width 16: "\x{6F22}"
          LayoutInline {SPAN} at (0,0) size 39x36
            LayoutText {#text} at (17,2) size 39x36
              text run at (17,2) width 39: "efg"
          LayoutText {#text} at (56,15) size 32x19
            text run at (56,15) width 32: "\x{6DF7}\x{690D}"
      LayoutBR {BR} at (90,121) size 0x19
    LayoutBR {BR} at (94,124) size 0x19
    LayoutBlockFlow {DIV} at (3,258) size 21x68 [border: (1px solid #00FF00)]
      LayoutInline {U} at (0,0) size 19x66
        LayoutText {#text} at (1,1) size 19x66
          text run at (1,1) width 66: "\x{6F22}efg\x{6DF7}\x{690D}"
    LayoutText {#text} at (24,311) size 4x19
      text run at (24,311) width 4: " "
    LayoutBlockFlow {DIV} at (28,258) size 21x68 [border: (1px solid #00FF00)]
      LayoutInline {U} at (0,0) size 19x66
        LayoutText {#text} at (1,1) size 19x66
          text run at (1,1) width 66: "\x{6F22}efg\x{6DF7}\x{690D}"
    LayoutText {#text} at (49,311) size 4x19
      text run at (49,311) width 4: " "
    LayoutBlockFlow {DIV} at (53,258) size 21x68 [border: (1px solid #00FF00)]
      LayoutInline {U} at (0,0) size 19x66
        LayoutText {#text} at (1,1) size 19x66
          text run at (1,1) width 66: "\x{6F22}efg\x{6DF7}\x{690D}"
    LayoutText {#text} at (74,311) size 4x19
      text run at (74,311) width 4: " "
    LayoutBlockFlow {DIV} at (78,150) size 21x176 [border: (1px solid #00FF00)]
      LayoutInline {U} at (0,0) size 19x174
        LayoutText {#text} at (1,1) size 19x174
          text run at (1,1) width 174: "\x{182E}\x{1823}\x{1828}\x{182D}\x{182D}\x{1823}\x{182F} \x{182C}\x{1821}\x{182F}\x{1821} efg\x{6F22}"
    LayoutText {#text} at (99,311) size 4x19
      text run at (99,311) width 4: " "
    LayoutBlockFlow {DIV} at (103,150) size 21x176 [border: (1px solid #00FF00)]
      LayoutInline {U} at (0,0) size 19x174
        LayoutText {#text} at (1,1) size 19x174
          text run at (1,1) width 174: "\x{182E}\x{1823}\x{1828}\x{182D}\x{182D}\x{1823}\x{182F} \x{182C}\x{1821}\x{182F}\x{1821} efg\x{6F22}"
    LayoutText {#text} at (124,311) size 4x19
      text run at (124,311) width 4: " "
    LayoutBlockFlow {DIV} at (128,218) size 40x108 [border: (1px solid #00FF00)]
      LayoutInline {U} at (0,0) size 19x106
        LayoutText {#text} at (10,1) size 19x16
          text run at (10,1) width 16: "\x{6F22}"
        LayoutInline {SPAN} at (0,0) size 36x58
          LayoutText {#text} at (2,17) size 36x58
            text run at (2,17) width 58: "\x{6F22}fg"
        LayoutText {#text} at (10,75) size 19x32
          text run at (10,75) width 32: "\x{6DF7}\x{690D}"
    LayoutText {#text} at (168,311) size 4x19
      text run at (168,311) width 4: " "
    LayoutBlockFlow {DIV} at (172,218) size 40x108 [border: (1px solid #00FF00)]
      LayoutInline {U} at (0,0) size 19x106
        LayoutText {#text} at (11,1) size 19x16
          text run at (11,1) width 16: "\x{6F22}"
        LayoutInline {SPAN} at (0,0) size 36x58
          LayoutText {#text} at (2,17) size 36x58
            text run at (2,17) width 58: "\x{6F22}fg"
        LayoutText {#text} at (11,75) size 19x32
          text run at (11,75) width 32: "\x{6DF7}\x{690D}"
    LayoutText {#text} at (0,0) size 0x0
layer at (594,343) size 65x26
  LayoutBlockFlow (positioned) {<pseudo:before>} at (147.63,2) size 65.38x26.38 [bgcolor=#FFFFFF] [border: (2px solid #808080)]
    LayoutTextFragment (anonymous) at (5,4) size 56x18
      text run at (5,4) width 56: "under ja"
